18:45:14 [INFO] 启动每日量化分析...
18:45:14 [INFO] Step 1/4: 采集数据...
18:45:14 [INFO] [DATA ENGINE] 开始采集数据...
18:45:14 [INFO]   -> 指数日线...
18:45:15 [INFO]   -> 宏观数据...
18:45:15 [INFO]   -> 资金流向...
18:45:15 [INFO]   [API ERROR] 第1次尝试失败: RemoteDisconnected: Remote end closed connection without response
18:45:17 [INFO]   [API ERROR] 第1次尝试失败: RemoteDisconnected: Remote end closed connection without response
18:45:18 [INFO]   [API ERROR] 第1次尝试失败: RemoteDisconnected: Remote end closed connection without response
18:45:20 [INFO]   [API ERROR] 第2次尝试失败: RemoteDisconnected: Remote end closed connection without response
18:45:21 [INFO]   [API ERROR] 第3次尝试失败: RemoteDisconnected: Remote end closed connection without response
18:45:21 [INFO]   [FALLBACK] 融资余额(指数估算): balance=15000亿 change=-90.0亿
18:45:21 [INFO]   -> 市场情绪...
18:45:22 [INFO]   [API ERROR] 第1次尝试失败: RemoteDisconnected: Remote end closed connection without response
18:45:23 [INFO]   [API ERROR] 第2次尝试失败: RemoteDisconnected: Remote end closed connection without response
18:45:25 [INFO]   [API ERROR] 第3次尝试失败: RemoteDisconnected: Remote end closed connection without response
18:45:25 [DEBUG] Starting new HTTPS connection (1): web.ifzq.gtimg.cn:443
18:45:25 [DEBUG] https://web.ifzq.gtimg.cn:443 "GET /appstock/app/fqkline/get?param=sh000001,day,,,1,qfq HTTP/1.1" 200 None
18:45:25 [INFO]   [API ERROR] 第1次尝试失败: RemoteDisconnected: Remote end closed connection without response
18:45:27 [INFO]   [API ERROR] 第2次尝试失败: RemoteDisconnected: Remote end closed connection without response
18:45:28 [INFO]   [FALLBACK] 涨跌家数估算: 涨3164/跌1835 (指数变化0.7%)
18:45:28 [INFO]   [API ERROR] 第1次尝试失败: RemoteDisconnected: Remote end closed connection without response
18:45:30 [INFO]   [API ERROR] 第2次尝试失败: RemoteDisconnected: Remote end closed connection without response
18:45:31 [INFO]   [API ERROR] 第3次尝试失败: RemoteDisconnected: Remote end closed connection without response
18:45:31 [DEBUG] Starting new HTTPS connection (1): hq.sinajs.cn:443
18:45:31 [DEBUG] https://hq.sinajs.cn:443 "GET /list=sh000001 HTTP/1.1" 200 138
18:45:31 [DEBUG] https://hq.sinajs.cn:443 "GET /list=sz399001 HTTP/1.1" 200 149
18:45:31 [INFO]   [FALLBACK] 全市场成交额(Sina): 22966亿
18:45:32 [INFO]   [API ERROR] 第1次尝试失败: RemoteDisconnected: Remote end closed connection without response
18:45:33 [INFO]   [API ERROR] 第1次尝试失败: RemoteDisconnected: Remote end closed connection without response
18:45:35 [INFO]   [API ERROR] 第2次尝试失败: RemoteDisconnected: Remote end closed connection without response
18:45:36 [INFO]   [API ERROR] 第3次尝试失败: RemoteDisconnected: Remote end closed connection without response
18:45:36 [INFO]   [API ERROR] 第1次尝试失败: RemoteDisconnected: Remote end closed connection without response
18:45:38 [INFO]   [API ERROR] 第2次尝试失败: RemoteDisconnected: Remote end closed connection without response
18:45:39 [INFO]   [API ERROR] 第3次尝试失败: RemoteDisconnected: Remote end closed connection without response
18:45:39 [DEBUG] https://web.ifzq.gtimg.cn:443 "GET /appstock/app/fqkline/get?param=sh000001,day,,,1,qfq HTTP/1.1" 200 None
18:45:39 [INFO]   [API ERROR] 第1次尝试失败: RemoteDisconnected: Remote end closed connection without response
18:45:40 [INFO]   [API ERROR] 第2次尝试失败: RemoteDisconnected: Remote end closed connection without response
18:45:42 [INFO]   [API ERROR] 第3次尝试失败: RemoteDisconnected: Remote end closed connection without response
18:45:42 [DEBUG] https://web.ifzq.gtimg.cn:443 "GET /appstock/app/fqkline/get?param=sz399001,day,,,1,qfq HTTP/1.1" 200 None
18:45:42 [INFO]   [FALLBACK] 涨跌家数估算: 涨3164/跌1835 (指数变化0.7%)
18:45:42 [INFO]   -> 机构资金追踪...
18:45:42 [INFO]   [API ERROR] 第1次尝试失败: RemoteDisconnected: Remote end closed connection without response
18:45:43 [INFO]   [API ERROR] 第2次尝试失败: RemoteDisconnected: Remote end closed connection without response
18:45:45 [INFO]   [API ERROR] 第3次尝试失败: RemoteDisconnected: Remote end closed connection without response
18:45:45 [INFO]   [API ERROR] 第1次尝试失败: RemoteDisconnected: Remote end closed connection without response
18:45:46 [INFO]   [API ERROR] 第2次尝试失败: RemoteDisconnected: Remote end closed connection without response
18:45:48 [INFO]   [API ERROR] 第3次尝试失败: RemoteDisconnected: Remote end closed connection without response
18:45:48 [INFO]   [API ERROR] 第1次尝试失败: RemoteDisconnected: Remote end closed connection without response
18:45:49 [INFO]   [API ERROR] 第2次尝试失败: RemoteDisconnected: Remote end closed connection without response
18:45:50 [INFO]   [API ERROR] 第3次尝试失败: RemoteDisconnected: Remote end closed connection without response
18:45:50 [INFO]   [API ERROR] 第1次尝试失败: RemoteDisconnected: Remote end closed connection without response
18:45:52 [INFO]   [API ERROR] 第2次尝试失败: RemoteDisconnected: Remote end closed connection without response
18:45:53 [INFO]   [API ERROR] 第3次尝试失败: RemoteDisconnected: Remote end closed connection without response
18:45:53 [INFO]   -> ETF数据 (56只, 逐只模式)...
18:45:53 [INFO]   [API ERROR] 第1次尝试失败: RemoteDisconnected: Remote end closed connection without response
18:45:55 [INFO]   [API ERROR] 第2次尝试失败: RemoteDisconnected: Remote end closed connection without response
18:45:56 [INFO]   [API ERROR] 第3次尝试失败: RemoteDisconnected: Remote end closed connection without response
18:45:56 [DEBUG] https://web.ifzq.gtimg.cn:443 "GET /appstock/app/fqkline/get?param=sz159326,day,,,250,qfq HTTP/1.1" 200 None
18:45:56 [INFO]   [API ERROR] 第1次尝试失败: RemoteDisconnected: Remote end closed connection without response
18:45:58 [INFO]   [API ERROR] 第2次尝试失败: RemoteDisconnected: Remote end closed connection without response
18:45:59 [INFO]   [API ERROR] 第3次尝试失败: RemoteDisconnected: Remote end closed connection without response
18:45:59 [DEBUG] Resetting dropped connection: hq.sinajs.cn
18:45:59 [DEBUG] https://hq.sinajs.cn:443 "GET /list=sz159326 HTTP/1.1" 200 189
18:45:59 [INFO]     [1/56] 159326 电网设备ETF华夏 - OK (250d)
18:46:01 [INFO]   [API ERROR] 第1次尝试失败: RemoteDisconnected: Remote end closed connection without response
18:46:02 [INFO]   [API ERROR] 第2次尝试失败: RemoteDisconnected: Remote end closed connection without response
18:46:03 [INFO]   [API ERROR] 第3次尝试失败: RemoteDisconnected: Remote end closed connection without response
18:46:03 [DEBUG] https://web.ifzq.gtimg.cn:443 "GET /appstock/app/fqkline/get?param=sz159992,day,,,250,qfq HTTP/1.1" 200 None
18:46:04 [INFO]   [API ERROR] 第1次尝试失败: RemoteDisconnected: Remote end closed connection without response
18:46:05 [INFO]   [API ERROR] 第2次尝试失败: RemoteDisconnected: Remote end closed connection without response
18:46:06 [INFO]   [API ERROR] 第3次尝试失败: RemoteDisconnected: Remote end closed connection without response
18:46:06 [DEBUG] https://hq.sinajs.cn:443 "GET /list=sz159992 HTTP/1.1" 200 186
18:46:06 [INFO]     [2/56] 159992 创新药ETF - OK (250d)
18:46:08 [INFO]   [API ERROR] 第1次尝试失败: RemoteDisconnected: Remote end closed connection without response
18:46:09 [INFO]   [API ERROR] 第2次尝试失败: RemoteDisconnected: Remote end closed connection without response
18:46:10 [INFO]   [API ERROR] 第3次尝试失败: RemoteDisconnected: Remote end closed connection without response
18:46:10 [DEBUG] https://web.ifzq.gtimg.cn:443 "GET /appstock/app/fqkline/get?param=sz159659,day,,,250,qfq HTTP/1.1" 200 None
18:46:11 [INFO]   [API ERROR] 第1次尝试失败: RemoteDisconnected: Remote end closed connection without response
18:46:12 [INFO]   [API ERROR] 第2次尝试失败: RemoteDisconnected: Remote end closed connection without response
18:46:13 [INFO]   [API ERROR] 第3次尝试失败: RemoteDisconnected: Remote end closed connection without response
18:46:13 [DEBUG] https://hq.sinajs.cn:443 "GET /list=sz159659 HTTP/1.1" 200 173
18:46:13 [INFO]     [3/56] 159659 纳斯达克100ETF招商 - OK (250d)
18:46:15 [INFO]   [API ERROR] 第1次尝试失败: RemoteDisconnected: Remote end closed connection without response
18:46:16 [INFO]   [API ERROR] 第2次尝试失败: RemoteDisconnected: Remote end closed connection without response
18:46:17 [INFO]   [API ERROR] 第3次尝试失败: RemoteDisconnected: Remote end closed connection without response
18:46:17 [DEBUG] https://web.ifzq.gtimg.cn:443 "GET /appstock/app/fqkline/get?param=sz159845,day,,,250,qfq HTTP/1.1" 200 None
18:46:17 [INFO]   [API ERROR] 第1次尝试失败: RemoteDisconnected: Remote end closed connection without response
18:46:19 [INFO]   [API ERROR] 第2次尝试失败: RemoteDisconnected: Remote end closed connection without response
18:46:20 [INFO]   [API ERROR] 第3次尝试失败: RemoteDisconnected: Remote end closed connection without response
18:46:20 [DEBUG] https://hq.sinajs.cn:443 "GET /list=sz159845 HTTP/1.1" 200 176
18:46:20 [INFO]     [4/56] 159845 中证1000ETF华夏 - OK (250d)
18:46:22 [INFO]   [API ERROR] 第1次尝试失败: RemoteDisconnected: Remote end closed connection without response
18:46:23 [INFO]   [API ERROR] 第2次尝试失败: RemoteDisconnected: Remote end closed connection without response
18:46:24 [INFO]   [API ERROR] 第3次尝试失败: RemoteDisconnected: Remote end closed connection without response
18:46:24 [DEBUG] https://web.ifzq.gtimg.cn:443 "GET /appstock/app/fqkline/get?param=sz159183,day,,,250,qfq HTTP/1.1" 200 None
18:46:24 [INFO]   [API ERROR] 第1次尝试失败: RemoteDisconnected: Remote end closed connection without response
18:46:26 [INFO]   [API ERROR] 第2次尝试失败: RemoteDisconnected: Remote end closed connection without response
18:46:27 [INFO]   [API ERROR] 第3次尝试失败: RemoteDisconnected: Remote end closed connection without response
18:46:27 [DEBUG] https://hq.sinajs.cn:443 "GET /list=sz159183 HTTP/1.1" 200 170
18:46:27 [INFO]     [5/56] 159183 新能源车ETF招商 - OK (87d)
18:46:28 [INFO]   [API ERROR] 第1次尝试失败: RemoteDisconnected: Remote end closed connection without response
18:46:30 [INFO]   [API ERROR] 第2次尝试失败: RemoteDisconnected: Remote end closed connection without response
18:46:31 [INFO]   [API ERROR] 第3次尝试失败: RemoteDisconnected: Remote end closed connection without response
18:46:31 [DEBUG] https://web.ifzq.gtimg.cn:443 "GET /appstock/app/fqkline/get?param=sh512200,day,,,250,qfq HTTP/1.1" 200 None
18:46:31 [INFO]   [API ERROR] 第1次尝试失败: RemoteDisconnected: Remote end closed connection without response
18:46:33 [INFO]   [API ERROR] 第2次尝试失败: RemoteDisconnected: Remote end closed connection without response
18:46:34 [INFO]   [API ERROR] 第3次尝试失败: RemoteDisconnected: Remote end closed connection without response
18:46:34 [DEBUG] https://hq.sinajs.cn:443 "GET /list=sh512200 HTTP/1.1" 200 188
18:46:34 [INFO]     [6/56] 512200 房地产ETF - OK (251d)
18:46:35 [INFO]   [API ERROR] 第1次尝试失败: RemoteDisconnected: Remote end closed connection without response
18:46:37 [INFO]   [API ERROR] 第2次尝试失败: RemoteDisconnected: Remote end closed connection without response
18:46:38 [INFO]   [API ERROR] 第3次尝试失败: RemoteDisconnected: Remote end closed connection without response
18:46:38 [DEBUG] https://web.ifzq.gtimg.cn:443 "GET /appstock/app/fqkline/get?param=sh512800,day,,,250,qfq HTTP/1.1" 200 None
18:46:38 [INFO]   [API ERROR] 第1次尝试失败: RemoteDisconnected: Remote end closed connection without response
18:46:40 [INFO]   [API ERROR] 第2次尝试失败: RemoteDisconnected: Remote end closed connection without response
18:46:41 [INFO]   [API ERROR] 第3次尝试失败: RemoteDisconnected: Remote end closed connection without response
18:46:41 [DEBUG] https://hq.sinajs.cn:443 "GET /list=sh512800 HTTP/1.1" 200 192
18:46:41 [INFO]     [7/56] 512800 银行ETF - OK (251d)
18:46:42 [INFO]   [API ERROR] 第1次尝试失败: RemoteDisconnected: Remote end closed connection without response
18:46:44 [INFO]   [API ERROR] 第2次尝试失败: RemoteDisconnected: Remote end closed connection without response
18:46:45 [INFO]   [API ERROR] 第3次尝试失败: RemoteDisconnected: Remote end closed connection without response
18:46:45 [DEBUG] https://web.ifzq.gtimg.cn:443 "GET /appstock/app/fqkline/get?param=sh588050,day,,,250,qfq HTTP/1.1" 200 None
18:46:45 [INFO]   [API ERROR] 第1次尝试失败: RemoteDisconnected: Remote end closed connection without response
18:46:47 [INFO]   [API ERROR] 第2次尝试失败: RemoteDisconnected: Remote end closed connection without response
18:46:48 [INFO]   [API ERROR] 第3次尝试失败: RemoteDisconnected: Remote end closed connection without response
18:46:48 [DEBUG] https://hq.sinajs.cn:443 "GET /list=sh588050 HTTP/1.1" 200 187
18:46:48 [INFO]     [8/56] 588050 科创50ETF易方达 - OK (250d)
18:46:49 [INFO]   [API ERROR] 第1次尝试失败: RemoteDisconnected: Remote end closed connection without response
18:46:51 [INFO]   [API ERROR] 第2次尝试失败: RemoteDisconnected: Remote end closed connection without response
18:46:52 [INFO]   [API ERROR] 第3次尝试失败: RemoteDisconnected: Remote end closed connection without response
18:46:52 [DEBUG] https://web.ifzq.gtimg.cn:443 "GET /appstock/app/fqkline/get?param=sh512170,day,,,250,qfq HTTP/1.1" 200 None
18:46:52 [INFO]   [API ERROR] 第1次尝试失败: RemoteDisconnected: Remote end closed connection without response
18:46:53 [INFO]   [API ERROR] 第2次尝试失败: RemoteDisconnected: Remote end closed connection without response
18:46:55 [INFO]   [API ERROR] 第3次尝试失败: RemoteDisconnected: Remote end closed connection without response
18:46:55 [DEBUG] https://hq.sinajs.cn:443 "GET /list=sh512170 HTTP/1.1" 200 200
18:46:55 [INFO]     [9/56] 512170 医疗ETF - OK (251d)
18:46:56 [INFO]   [API ERROR] 第1次尝试失败: RemoteDisconnected: Remote end closed connection without response
18:46:57 [INFO]   [API ERROR] 第2次尝试失败: RemoteDisconnected: Remote end closed connection without response
18:46:59 [INFO]   [API ERROR] 第3次尝试失败: RemoteDisconnected: Remote end closed connection without response
18:46:59 [DEBUG] https://web.ifzq.gtimg.cn:443 "GET /appstock/app/fqkline/get?param=sh512670,day,,,250,qfq HTTP/1.1" 200 None
18:46:59 [INFO]   [API ERROR] 第1次尝试失败: RemoteDisconnected: Remote end closed connection without response
18:47:00 [INFO]   [API ERROR] 第2次尝试失败: RemoteDisconnected: Remote end closed connection without response
18:47:02 [INFO]   [API ERROR] 第3次尝试失败: RemoteDisconnected: Remote end closed connection without response
18:47:02 [DEBUG] https://hq.sinajs.cn:443 "GET /list=sh512670 HTTP/1.1" 200 189
18:47:02 [INFO]     [10/56] 512670 国防ETF - OK (250d)
18:47:03 [INFO]   [API ERROR] 第1次尝试失败: RemoteDisconnected: Remote end closed connection without response
18:47:04 [INFO]   [API ERROR] 第2次尝试失败: RemoteDisconnected: Remote end closed connection without response
18:47:06 [INFO]   [API ERROR] 第3次尝试失败: RemoteDisconnected: Remote end closed connection without response
18:47:06 [DEBUG] https://web.ifzq.gtimg.cn:443 "GET /appstock/app/fqkline/get?param=sz159790,day,,,250,qfq HTTP/1.1" 200 None
18:47:06 [INFO]   [API ERROR] 第1次尝试失败: RemoteDisconnected: Remote end closed connection without response
18:47:07 [INFO]   [API ERROR] 第2次尝试失败: RemoteDisconnected: Remote end closed connection without response
18:47:09 [INFO]   [API ERROR] 第3次尝试失败: RemoteDisconnected: Remote end closed connection without response
18:47:09 [DEBUG] https://hq.sinajs.cn:443 "GET /list=sz159790 HTTP/1.1" 200 174
18:47:09 [INFO]     [11/56] 159790 碳中和ETF - OK (250d)
18:47:10 [INFO]   [API ERROR] 第1次尝试失败: RemoteDisconnected: Remote end closed connection without response
18:47:11 [INFO]   [API ERROR] 第2次尝试失败: RemoteDisconnected: Remote end closed connection without response
18:47:13 [INFO]   [API ERROR] 第3次尝试失败: RemoteDisconnected: Remote end closed connection without response
18:47:13 [DEBUG] https://web.ifzq.gtimg.cn:443 "GET /appstock/app/fqkline/get?param=sh512890,day,,,250,qfq HTTP/1.1" 200 None
18:47:13 [INFO]   [API ERROR] 第1次尝试失败: RemoteDisconnected: Remote end closed connection without response
18:47:14 [INFO]   [API ERROR] 第2次尝试失败: RemoteDisconnected: Remote end closed connection without response
18:47:16 [INFO]   [API ERROR] 第3次尝试失败: RemoteDisconnected: Remote end closed connection without response
18:47:16 [DEBUG] https://hq.sinajs.cn:443 "GET /list=sh512890 HTTP/1.1" 200 212
18:47:16 [INFO]     [12/56] 512890 红利低波ETF - OK (250d)
18:47:17 [INFO]   [API ERROR] 第1次尝试失败: RemoteDisconnected: Remote end closed connection without response
18:47:18 [INFO]   [API ERROR] 第2次尝试失败: RemoteDisconnected: Remote end closed connection without response
18:47:20 [INFO]   [API ERROR] 第3次尝试失败: RemoteDisconnected: Remote end closed connection without response
18:47:20 [DEBUG] https://web.ifzq.gtimg.cn:443 "GET /appstock/app/fqkline/get?param=sz159227,day,,,250,qfq HTTP/1.1" 200 None
18:47:20 [INFO]   [API ERROR] 第1次尝试失败: RemoteDisconnected: Remote end closed connection without response
18:47:21 [INFO]   [API ERROR] 第2次尝试失败: RemoteDisconnected: Remote end closed connection without response
18:47:23 [INFO]   [API ERROR] 第3次尝试失败: RemoteDisconnected: Remote end closed connection without response
18:47:23 [DEBUG] https://hq.sinajs.cn:443 "GET /list=sz159227 HTTP/1.1" 200 184
18:47:23 [INFO]     [13/56] 159227 航空航天ETF华夏 - OK (250d)
18:47:24 [INFO]   [API ERROR] 第1次尝试失败: RemoteDisconnected: Remote end closed connection without response
18:47:25 [INFO]   [API ERROR] 第2次尝试失败: RemoteDisconnected: Remote end closed connection without response
18:47:27 [INFO]   [API ERROR] 第3次尝试失败: RemoteDisconnected: Remote end closed connection without response
18:47:27 [DEBUG] https://web.ifzq.gtimg.cn:443 "GET /appstock/app/fqkline/get?param=sh512690,day,,,250,qfq HTTP/1.1" 200 None
18:47:27 [INFO]   [API ERROR] 第1次尝试失败: RemoteDisconnected: Remote end closed connection without response
18:47:28 [INFO]   [API ERROR] 第2次尝试失败: RemoteDisconnected: Remote end closed connection without response
18:47:29 [INFO]   [API ERROR] 第3次尝试失败: RemoteDisconnected: Remote end closed connection without response
18:47:29 [DEBUG] https://hq.sinajs.cn:443 "GET /list=sh512690 HTTP/1.1" 200 195
18:47:29 [INFO]     [14/56] 512690 酒ETF - OK (251d)
18:47:31 [INFO]   [API ERROR] 第1次尝试失败: RemoteDisconnected: Remote end closed connection without response
18:47:32 [INFO]   [API ERROR] 第2次尝试失败: RemoteDisconnected: Remote end closed connection without response
18:47:33 [INFO]   [API ERROR] 第3次尝试失败: RemoteDisconnected: Remote end closed connection without response
18:47:34 [DEBUG] https://web.ifzq.gtimg.cn:443 "GET /appstock/app/fqkline/get?param=sz159647,day,,,250,qfq HTTP/1.1" 200 None
18:47:34 [INFO]   [API ERROR] 第1次尝试失败: RemoteDisconnected: Remote end closed connection without response
18:47:35 [INFO]   [API ERROR] 第2次尝试失败: RemoteDisconnected: Remote end closed connection without response
18:47:36 [INFO]   [API ERROR] 第3次尝试失败: RemoteDisconnected: Remote end closed connection without response
18:47:36 [DEBUG] https://hq.sinajs.cn:443 "GET /list=sz159647 HTTP/1.1" 200 174
18:47:36 [INFO]     [15/56] 159647 中药ETF - OK (250d)
18:47:38 [INFO]   [API ERROR] 第1次尝试失败: RemoteDisconnected: Remote end closed connection without response
18:47:39 [INFO]   [API ERROR] 第2次尝试失败: RemoteDisconnected: Remote end closed connection without response
18:47:40 [INFO]   [API ERROR] 第3次尝试失败: RemoteDisconnected: Remote end closed connection without response
18:47:40 [DEBUG] https://web.ifzq.gtimg.cn:443 "GET /appstock/app/fqkline/get?param=sh510300,day,,,250,qfq HTTP/1.1" 200 None
18:47:41 [INFO]   [API ERROR] 第1次尝试失败: RemoteDisconnected: Remote end closed connection without response
18:47:42 [INFO]   [API ERROR] 第2次尝试失败: RemoteDisconnected: Remote end closed connection without response
18:47:43 [INFO]   [API ERROR] 第3次尝试失败: RemoteDisconnected: Remote end closed connection without response
18:47:43 [DEBUG] https://hq.sinajs.cn:443 "GET /list=sh510300 HTTP/1.1" 200 205
18:47:43 [INFO]     [16/56] 510300 沪深300ETF华泰柏瑞 - OK (251d)
18:47:45 [INFO]   [API ERROR] 第1次尝试失败: RemoteDisconnected: Remote end closed connection without response
18:47:46 [INFO]   [API ERROR] 第2次尝试失败: RemoteDisconnected: Remote end closed connection without response
18:47:47 [INFO]   [API ERROR] 第3次尝试失败: RemoteDisconnected: Remote end closed connection without response
18:47:47 [DEBUG] https://web.ifzq.gtimg.cn:443 "GET /appstock/app/fqkline/get?param=sh560390,day,,,250,qfq HTTP/1.1" 200 None
18:47:47 [INFO]   [API ERROR] 第1次尝试失败: RemoteDisconnected: Remote end closed connection without response
18:47:49 [INFO]   [API ERROR] 第2次尝试失败: RemoteDisconnected: Remote end closed connection without response
18:47:50 [INFO]   [API ERROR] 第3次尝试失败: RemoteDisconnected: Remote end closed connection without response
18:47:50 [DEBUG] https://hq.sinajs.cn:443 "GET /list=sh560390 HTTP/1.1" 200 200
18:47:50 [INFO]     [17/56] 560390 电网设备ETF易方达 - OK (101d)
18:47:52 [INFO]   [API ERROR] 第1次尝试失败: RemoteDisconnected: Remote end closed connection without response
18:47:53 [INFO]   [API ERROR] 第2次尝试失败: RemoteDisconnected: Remote end closed connection without response
18:47:54 [INFO]   [API ERROR] 第3次尝试失败: RemoteDisconnected: Remote end closed connection without response
18:47:54 [DEBUG] https://web.ifzq.gtimg.cn:443 "GET /appstock/app/fqkline/get?param=sh588000,day,,,250,qfq HTTP/1.1" 200 None
18:47:54 [INFO]   [API ERROR] 第1次尝试失败: RemoteDisconnected: Remote end closed connection without response
18:47:56 [INFO]   [API ERROR] 第2次尝试失败: RemoteDisconnected: Remote end closed connection without response
18:47:57 [INFO]   [API ERROR] 第3次尝试失败: RemoteDisconnected: Remote end closed connection without response
18:47:57 [DEBUG] https://hq.sinajs.cn:443 "GET /list=sh588000 HTTP/1.1" 200 195
18:47:57 [INFO]     [18/56] 588000 科创50ETF - OK (251d)
18:47:58 [INFO]   [API ERROR] 第1次尝试失败: RemoteDisconnected: Remote end closed connection without response
18:48:00 [INFO]   [API ERROR] 第2次尝试失败: RemoteDisconnected: Remote end closed connection without response
18:48:01 [INFO]   [API ERROR] 第3次尝试失败: RemoteDisconnected: Remote end closed connection without response
18:48:01 [DEBUG] https://web.ifzq.gtimg.cn:443 "GET /appstock/app/fqkline/get?param=sh516020,day,,,250,qfq HTTP/1.1" 200 None
18:48:01 [INFO]   [API ERROR] 第1次尝试失败: RemoteDisconnected: Remote end closed connection without response
18:48:03 [INFO]   [API ERROR] 第2次尝试失败: RemoteDisconnected: Remote end closed connection without response
18:48:04 [INFO]   [API ERROR] 第3次尝试失败: RemoteDisconnected: Remote end closed connection without response
18:48:04 [DEBUG] https://hq.sinajs.cn:443 "GET /list=sh516020 HTTP/1.1" 200 187
18:48:04 [INFO]     [19/56] 516020 化工ETF华宝 - OK (250d)
18:48:05 [INFO]   [API ERROR] 第1次尝试失败: RemoteDisconnected: Remote end closed connection without response
18:48:07 [INFO]   [API ERROR] 第2次尝试失败: RemoteDisconnected: Remote end closed connection without response
18:48:08 [INFO]   [API ERROR] 第3次尝试失败: RemoteDisconnected: Remote end closed connection without response
18:48:08 [DEBUG] https://web.ifzq.gtimg.cn:443 "GET /appstock/app/fqkline/get?param=sh513130,day,,,250,qfq HTTP/1.1" 200 None
18:48:08 [INFO]   [API ERROR] 第1次尝试失败: RemoteDisconnected: Remote end closed connection without response
18:48:10 [INFO]   [API ERROR] 第2次尝试失败: RemoteDisconnected: Remote end closed connection without response
18:48:11 [INFO]   [API ERROR] 第3次尝试失败: RemoteDisconnected: Remote end closed connection without response
18:48:11 [DEBUG] https://hq.sinajs.cn:443 "GET /list=sh513130 HTTP/1.1" 200 214
18:48:11 [INFO]     [20/56] 513130 恒生互联网ETF - OK (250d)
18:48:12 [INFO]   [API ERROR] 第1次尝试失败: RemoteDisconnected: Remote end closed connection without response
18:48:14 [INFO]   [API ERROR] 第2次尝试失败: RemoteDisconnected: Remote end closed connection without response
18:48:15 [INFO]   [API ERROR] 第3次尝试失败: RemoteDisconnected: Remote end closed connection without response
18:48:15 [DEBUG] https://web.ifzq.gtimg.cn:443 "GET /appstock/app/fqkline/get?param=sz159516,day,,,250,qfq HTTP/1.1" 200 None
18:48:15 [INFO]   [API ERROR] 第1次尝试失败: RemoteDisconnected: Remote end closed connection without response
18:48:17 [INFO]   [API ERROR] 第2次尝试失败: RemoteDisconnected: Remote end closed connection without response
18:48:18 [INFO]   [API ERROR] 第3次尝试失败: RemoteDisconnected: Remote end closed connection without response
18:48:18 [DEBUG] https://hq.sinajs.cn:443 "GET /list=sz159516 HTTP/1.1" 200 196
18:48:18 [INFO]     [21/56] 159516 半导体设备ETF - OK (251d)
18:48:19 [INFO]   [API ERROR] 第1次尝试失败: RemoteDisconnected: Remote end closed connection without response
18:48:21 [INFO]   [API ERROR] 第2次尝试失败: RemoteDisconnected: Remote end closed connection without response
18:48:22 [INFO]   [API ERROR] 第3次尝试失败: RemoteDisconnected: Remote end closed connection without response
18:48:22 [DEBUG] https://web.ifzq.gtimg.cn:443 "GET /appstock/app/fqkline/get?param=sh515220,day,,,250,qfq HTTP/1.1" 200 None
18:48:22 [INFO]   [API ERROR] 第1次尝试失败: RemoteDisconnected: Remote end closed connection without response
18:48:23 [INFO]   [API ERROR] 第2次尝试失败: RemoteDisconnected: Remote end closed connection without response
18:48:25 [INFO]   [API ERROR] 第3次尝试失败: RemoteDisconnected: Remote end closed connection without response
18:48:25 [DEBUG] https://hq.sinajs.cn:443 "GET /list=sh515220 HTTP/1.1" 200 191
18:48:25 [INFO]     [22/56] 515220 煤炭ETF - OK (251d)
18:48:26 [INFO]   [API ERROR] 第1次尝试失败: RemoteDisconnected: Remote end closed connection without response
18:48:28 [INFO]   [API ERROR] 第2次尝试失败: RemoteDisconnected: Remote end closed connection without response
18:48:29 [INFO]   [API ERROR] 第3次尝试失败: RemoteDisconnected: Remote end closed connection without response
18:48:29 [DEBUG] https://web.ifzq.gtimg.cn:443 "GET /appstock/app/fqkline/get?param=sz159857,day,,,250,qfq HTTP/1.1" 200 None
18:48:29 [INFO]   [API ERROR] 第1次尝试失败: RemoteDisconnected: Remote end closed connection without response
18:48:30 [INFO]   [API ERROR] 第2次尝试失败: RemoteDisconnected: Remote end closed connection without response
18:48:32 [INFO]   [API ERROR] 第3次尝试失败: RemoteDisconnected: Remote end closed connection without response
18:48:32 [DEBUG] https://hq.sinajs.cn:443 "GET /list=sz159857 HTTP/1.1" 200 177
18:48:32 [INFO]     [23/56] 159857 光伏ETF广发 - OK (250d)
18:48:33 [INFO]   [API ERROR] 第1次尝试失败: RemoteDisconnected: Remote end closed connection without response
18:48:34 [INFO]   [API ERROR] 第2次尝试失败: RemoteDisconnected: Remote end closed connection without response
18:48:36 [INFO]   [API ERROR] 第3次尝试失败: RemoteDisconnected: Remote end closed connection without response
18:48:36 [DEBUG] https://web.ifzq.gtimg.cn:443 "GET /appstock/app/fqkline/get?param=sh560800,day,,,250,qfq HTTP/1.1" 200 None
18:48:36 [INFO]   [API ERROR] 第1次尝试失败: RemoteDisconnected: Remote end closed connection without response
18:48:37 [INFO]   [API ERROR] 第2次尝试失败: RemoteDisconnected: Remote end closed connection without response
18:48:39 [INFO]   [API ERROR] 第3次尝试失败: RemoteDisconnected: Remote end closed connection without response
18:48:39 [DEBUG] https://hq.sinajs.cn:443 "GET /list=sh560800 HTTP/1.1" 200 189
18:48:39 [INFO]     [24/56] 560800 数字经济ETF - OK (250d)
18:48:40 [INFO]   [API ERROR] 第1次尝试失败: RemoteDisconnected: Remote end closed connection without response
18:48:41 [INFO]   [API ERROR] 第2次尝试失败: RemoteDisconnected: Remote end closed connection without response
18:48:43 [INFO]   [API ERROR] 第3次尝试失败: RemoteDisconnected: Remote end closed connection without response
18:48:43 [DEBUG] https://web.ifzq.gtimg.cn:443 "GET /appstock/app/fqkline/get?param=sz159611,day,,,250,qfq HTTP/1.1" 200 None
18:48:43 [INFO]   [API ERROR] 第1次尝试失败: RemoteDisconnected: Remote end closed connection without response
18:48:44 [INFO]   [API ERROR] 第2次尝试失败: RemoteDisconnected: Remote end closed connection without response
18:48:46 [INFO]   [API ERROR] 第3次尝试失败: RemoteDisconnected: Remote end closed connection without response
18:48:46 [DEBUG] https://hq.sinajs.cn:443 "GET /list=sz159611 HTTP/1.1" 200 186
18:48:46 [INFO]     [25/56] 159611 电力ETF - OK (250d)
18:48:47 [INFO]   [API ERROR] 第1次尝试失败: RemoteDisconnected: Remote end closed connection without response
18:48:48 [INFO]   [API ERROR] 第2次尝试失败: RemoteDisconnected: Remote end closed connection without response
18:48:50 [INFO]   [API ERROR] 第3次尝试失败: RemoteDisconnected: Remote end closed connection without response
18:48:50 [DEBUG] https://web.ifzq.gtimg.cn:443 "GET /appstock/app/fqkline/get?param=sh516780,day,,,250,qfq HTTP/1.1" 200 None
18:48:50 [INFO]   [API ERROR] 第1次尝试失败: RemoteDisconnected: Remote end closed connection without response
18:48:51 [INFO]   [API ERROR] 第2次尝试失败: RemoteDisconnected: Remote end closed connection without response
18:48:52 [INFO]   [API ERROR] 第3次尝试失败: RemoteDisconnected: Remote end closed connection without response
18:48:52 [DEBUG] https://hq.sinajs.cn:443 "GET /list=sh516780 HTTP/1.1" 200 197
18:48:52 [INFO]     [26/56] 516780 稀土ETF - OK (251d)
18:48:54 [INFO]   [API ERROR] 第1次尝试失败: RemoteDisconnected: Remote end closed connection without response
18:48:55 [INFO]   [API ERROR] 第2次尝试失败: RemoteDisconnected: Remote end closed connection without response
18:48:57 [INFO]   [API ERROR] 第3次尝试失败: RemoteDisconnected: Remote end closed connection without response
18:48:57 [DEBUG] https://web.ifzq.gtimg.cn:443 "GET /appstock/app/fqkline/get?param=sz159995,day,,,250,qfq HTTP/1.1" 200 None
18:48:57 [INFO]   [API ERROR] 第1次尝试失败: RemoteDisconnected: Remote end closed connection without response
18:48:58 [INFO]   [API ERROR] 第2次尝试失败: RemoteDisconnected: Remote end closed connection without response
18:48:59 [INFO]   [API ERROR] 第3次尝试失败: RemoteDisconnected: Remote end closed connection without response
18:48:59 [DEBUG] https://hq.sinajs.cn:443 "GET /list=sz159995 HTTP/1.1" 200 184
18:48:59 [INFO]     [27/56] 159995 芯片ETF华夏 - OK (251d)
18:49:01 [INFO]   [API ERROR] 第1次尝试失败: RemoteDisconnected: Remote end closed connection without response
18:49:02 [INFO]   [API ERROR] 第2次尝试失败: RemoteDisconnected: Remote end closed connection without response
18:49:03 [INFO]   [API ERROR] 第3次尝试失败: RemoteDisconnected: Remote end closed connection without response
18:49:03 [DEBUG] https://web.ifzq.gtimg.cn:443 "GET /appstock/app/fqkline/get?param=sh513100,day,,,250,qfq HTTP/1.1" 200 None
18:49:04 [INFO]   [API ERROR] 第1次尝试失败: RemoteDisconnected: Remote end closed connection without response
18:49:05 [INFO]   [API ERROR] 第2次尝试失败: RemoteDisconnected: Remote end closed connection without response
18:49:06 [INFO]   [API ERROR] 第3次尝试失败: RemoteDisconnected: Remote end closed connection without response
18:49:06 [DEBUG] https://hq.sinajs.cn:443 "GET /list=sh513100 HTTP/1.1" 200 185
18:49:06 [INFO]     [28/56] 513100 纳指ETF国泰 - OK (251d)
18:49:08 [INFO]   [API ERROR] 第1次尝试失败: RemoteDisconnected: Remote end closed connection without response
18:49:09 [INFO]   [API ERROR] 第2次尝试失败: RemoteDisconnected: Remote end closed connection without response
18:49:10 [INFO]   [API ERROR] 第3次尝试失败: RemoteDisconnected: Remote end closed connection without response
18:49:10 [DEBUG] https://web.ifzq.gtimg.cn:443 "GET /appstock/app/fqkline/get?param=sh513050,day,,,250,qfq HTTP/1.1" 200 None
18:49:10 [INFO]   [API ERROR] 第1次尝试失败: RemoteDisconnected: Remote end closed connection without response
18:49:12 [INFO]   [API ERROR] 第2次尝试失败: RemoteDisconnected: Remote end closed connection without response
18:49:13 [INFO]   [API ERROR] 第3次尝试失败: RemoteDisconnected: Remote end closed connection without response
18:49:13 [DEBUG] https://hq.sinajs.cn:443 "GET /list=sh513050 HTTP/1.1" 200 213
18:49:13 [INFO]     [29/56] 513050 中概互联ETF - OK (250d)
18:49:15 [INFO]   [API ERROR] 第1次尝试失败: RemoteDisconnected: Remote end closed connection without response
18:49:16 [INFO]   [API ERROR] 第2次尝试失败: RemoteDisconnected: Remote end closed connection without response
18:49:17 [INFO]   [API ERROR] 第3次尝试失败: RemoteDisconnected: Remote end closed connection without response
18:49:17 [DEBUG] https://web.ifzq.gtimg.cn:443 "GET /appstock/app/fqkline/get?param=sz159320,day,,,250,qfq HTTP/1.1" 200 None
18:49:17 [INFO]   [API ERROR] 第1次尝试失败: RemoteDisconnected: Remote end closed connection without response
18:49:19 [INFO]   [API ERROR] 第2次尝试失败: RemoteDisconnected: Remote end closed connection without response
18:49:20 [INFO]   [API ERROR] 第3次尝试失败: RemoteDisconnected: Remote end closed connection without response
18:49:20 [DEBUG] https://hq.sinajs.cn:443 "GET /list=sz159320 HTTP/1.1" 200 183
18:49:20 [INFO]     [30/56] 159320 电网设备ETF广发 - OK (250d)
18:49:21 [INFO]   [API ERROR] 第1次尝试失败: RemoteDisconnected: Remote end closed connection without response
18:49:23 [INFO]   [API ERROR] 第2次尝试失败: RemoteDisconnected: Remote end closed connection without response
18:49:24 [INFO]   [API ERROR] 第3次尝试失败: RemoteDisconnected: Remote end closed connection without response
18:49:24 [DEBUG] https://web.ifzq.gtimg.cn:443 "GET /appstock/app/fqkline/get?param=sh513520,day,,,250,qfq HTTP/1.1" 200 None
18:49:24 [INFO]   [API ERROR] 第1次尝试失败: RemoteDisconnected: Remote end closed connection without response
18:49:26 [INFO]   [API ERROR] 第2次尝试失败: RemoteDisconnected: Remote end closed connection without response
18:49:27 [INFO]   [API ERROR] 第3次尝试失败: RemoteDisconnected: Remote end closed connection without response
18:49:27 [DEBUG] https://hq.sinajs.cn:443 "GET /list=sh513520 HTTP/1.1" 200 187
18:49:27 [INFO]     [31/56] 513520 日经ETF - OK (250d)
18:49:28 [INFO]   [API ERROR] 第1次尝试失败: RemoteDisconnected: Remote end closed connection without response
18:49:30 [INFO]   [API ERROR] 第2次尝试失败: RemoteDisconnected: Remote end closed connection without response
18:49:31 [INFO]   [API ERROR] 第3次尝试失败: RemoteDisconnected: Remote end closed connection without response
18:49:31 [DEBUG] https://web.ifzq.gtimg.cn:443 "GET /appstock/app/fqkline/get?param=sh512810,day,,,250,qfq HTTP/1.1" 200 None
18:49:31 [INFO]   [API ERROR] 第1次尝试失败: RemoteDisconnected: Remote end closed connection without response
18:49:33 [INFO]   [API ERROR] 第2次尝试失败: RemoteDisconnected: Remote end closed connection without response
18:49:34 [INFO]   [API ERROR] 第3次尝试失败: RemoteDisconnected: Remote end closed connection without response
18:49:34 [DEBUG] https://hq.sinajs.cn:443 "GET /list=sh512810 HTTP/1.1" 200 184
18:49:34 [INFO]     [32/56] 512810 军工ETF - OK (250d)
18:49:35 [INFO]   [API ERROR] 第1次尝试失败: RemoteDisconnected: Remote end closed connection without response
18:49:37 [INFO]   [API ERROR] 第2次尝试失败: RemoteDisconnected: Remote end closed connection without response
18:49:38 [INFO]   [API ERROR] 第3次尝试失败: RemoteDisconnected: Remote end closed connection without response
18:49:38 [DEBUG] https://web.ifzq.gtimg.cn:443 "GET /appstock/app/fqkline/get?param=sz159819,day,,,250,qfq HTTP/1.1" 200 None
18:49:38 [INFO]   [API ERROR] 第1次尝试失败: RemoteDisconnected: Remote end closed connection without response
18:49:40 [INFO]     [33/56] 159819 AIETF易方达 - OK (250d)
18:49:42 [INFO]     [34/56] 518850 黄金ETF华夏 - OK (250d)
18:49:44 [INFO]   [API ERROR] 第1次尝试失败: RemoteDisconnected: Remote end closed connection without response
18:49:45 [INFO]   [API ERROR] 第2次尝试失败: RemoteDisconnected: Remote end closed connection without response
18:49:46 [INFO]   [API ERROR] 第3次尝试失败: RemoteDisconnected: Remote end closed connection without response
18:49:46 [DEBUG] https://hq.sinajs.cn:443 "GET /list=sh512400 HTTP/1.1" 200 194
18:49:46 [INFO]     [35/56] 512400 有色ETF - OK (250d)
18:49:48 [INFO]   [API ERROR] 第1次尝试失败: RemoteDisconnected: Remote end closed connection without response
18:49:49 [INFO]   [API ERROR] 第2次尝试失败: RemoteDisconnected: Remote end closed connection without response
18:49:51 [INFO]   [API ERROR] 第3次尝试失败: RemoteDisconnected: Remote end closed connection without response
18:49:51 [DEBUG] https://web.ifzq.gtimg.cn:443 "GET /appstock/app/fqkline/get?param=sh510880,day,,,250,qfq HTTP/1.1" 200 None
18:49:52 [INFO]   [API ERROR] 第1次尝试失败: RemoteDisconnected: Remote end closed connection without response
18:49:53 [INFO]   [API ERROR] 第2次尝试失败: RemoteDisconnected: Remote end closed connection without response
18:49:54 [INFO]   [API ERROR] 第3次尝试失败: RemoteDisconnected: Remote end closed connection without response
18:49:54 [DEBUG] https://hq.sinajs.cn:443 "GET /list=sh510880 HTTP/1.1" 200 199
18:49:54 [INFO]     [36/56] 510880 红利ETF - OK (251d)
18:49:56 [INFO]   [API ERROR] 第1次尝试失败: RemoteDisconnected: Remote end closed connection without response
18:49:57 [INFO]   [API ERROR] 第2次尝试失败: RemoteDisconnected: Remote end closed connection without response
18:49:59 [INFO]   [API ERROR] 第3次尝试失败: RemoteDisconnected: Remote end closed connection without response
18:49:59 [DEBUG] https://web.ifzq.gtimg.cn:443 "GET /appstock/app/fqkline/get?param=sz159732,day,,,250,qfq HTTP/1.1" 200 None
18:49:59 [INFO]   [API ERROR] 第1次尝试失败: RemoteDisconnected: Remote end closed connection without response
18:50:00 [INFO]   [API ERROR] 第2次尝试失败: RemoteDisconnected: Remote end closed connection without response
18:50:02 [INFO]   [API ERROR] 第3次尝试失败: RemoteDisconnected: Remote end closed connection without response
18:50:02 [DEBUG] https://hq.sinajs.cn:443 "GET /list=sz159732 HTTP/1.1" 200 182
18:50:02 [INFO]     [37/56] 159732 消费电子ETF - OK (250d)
18:50:04 [INFO]   [API ERROR] 第1次尝试失败: RemoteDisconnected: Remote end closed connection without response
18:50:05 [INFO]   [API ERROR] 第2次尝试失败: RemoteDisconnected: Remote end closed connection without response
18:50:07 [INFO]   [API ERROR] 第3次尝试失败: RemoteDisconnected: Remote end closed connection without response
18:50:07 [DEBUG] https://web.ifzq.gtimg.cn:443 "GET /appstock/app/fqkline/get?param=sh515880,day,,,250,qfq HTTP/1.1" 200 None
18:50:07 [INFO]   [API ERROR] 第1次尝试失败: RemoteDisconnected: Remote end closed connection without response
18:50:08 [INFO]   [API ERROR] 第2次尝试失败: RemoteDisconnected: Remote end closed connection without response
18:50:10 [INFO]   [API ERROR] 第3次尝试失败: RemoteDisconnected: Remote end closed connection without response
18:50:10 [DEBUG] https://hq.sinajs.cn:443 "GET /list=sh515880 HTTP/1.1" 200 200
18:50:10 [INFO]     [38/56] 515880 通信ETF - OK (251d)
18:50:11 [INFO]   [API ERROR] 第1次尝试失败: RemoteDisconnected: Remote end closed connection without response
18:50:13 [INFO]   [API ERROR] 第2次尝试失败: RemoteDisconnected: Remote end closed connection without response
18:50:14 [INFO]   [API ERROR] 第3次尝试失败: RemoteDisconnected: Remote end closed connection without response
18:50:14 [DEBUG] https://web.ifzq.gtimg.cn:443 "GET /appstock/app/fqkline/get?param=sz159928,day,,,250,qfq HTTP/1.1" 200 None
18:50:14 [INFO]   [API ERROR] 第1次尝试失败: RemoteDisconnected: Remote end closed connection without response
18:50:16 [INFO]   [API ERROR] 第2次尝试失败: RemoteDisconnected: Remote end closed connection without response
18:50:17 [INFO]   [API ERROR] 第3次尝试失败: RemoteDisconnected: Remote end closed connection without response
18:50:17 [DEBUG] https://hq.sinajs.cn:443 "GET /list=sz159928 HTTP/1.1" 200 179
18:50:17 [INFO]     [39/56] 159928 消费ETF - OK (251d)
18:50:18 [INFO]   [API ERROR] 第1次尝试失败: RemoteDisconnected: Remote end closed connection without response
18:50:20 [INFO]   [API ERROR] 第2次尝试失败: RemoteDisconnected: Remote end closed connection without response
18:50:21 [INFO]   [API ERROR] 第3次尝试失败: RemoteDisconnected: Remote end closed connection without response
18:50:21 [DEBUG] https://web.ifzq.gtimg.cn:443 "GET /appstock/app/fqkline/get?param=sh515070,day,,,250,qfq HTTP/1.1" 200 None
18:50:21 [INFO]   [API ERROR] 第1次尝试失败: RemoteDisconnected: Remote end closed connection without response
18:50:23 [INFO]   [API ERROR] 第2次尝试失败: RemoteDisconnected: Remote end closed connection without response
18:50:24 [INFO]   [API ERROR] 第3次尝试失败: RemoteDisconnected: Remote end closed connection without response
18:50:24 [DEBUG] https://hq.sinajs.cn:443 "GET /list=sh515070 HTTP/1.1" 200 192
18:50:24 [INFO]     [40/56] 515070 人工智能ETF华夏 - OK (250d)
18:50:25 [INFO]   [API ERROR] 第1次尝试失败: RemoteDisconnected: Remote end closed connection without response
18:50:27 [INFO]   [API ERROR] 第2次尝试失败: RemoteDisconnected: Remote end closed connection without response
18:50:28 [INFO]   [API ERROR] 第3次尝试失败: RemoteDisconnected: Remote end closed connection without response
18:50:29 [DEBUG] https://web.ifzq.gtimg.cn:443 "GET /appstock/app/fqkline/get?param=sh515790,day,,,250,qfq HTTP/1.1" 200 None
18:50:29 [INFO]   [API ERROR] 第1次尝试失败: RemoteDisconnected: Remote end closed connection without response
18:50:30 [INFO]   [API ERROR] 第2次尝试失败: RemoteDisconnected: Remote end closed connection without response
18:50:31 [INFO]   [API ERROR] 第3次尝试失败: RemoteDisconnected: Remote end closed connection without response
18:50:31 [DEBUG] https://hq.sinajs.cn:443 "GET /list=sh515790 HTTP/1.1" 200 202
18:50:31 [INFO]     [41/56] 515790 光伏ETF - OK (250d)
18:50:34 [INFO]   [API ERROR] 第1次尝试失败: RemoteDisconnected: Remote end closed connection without response
18:50:36 [INFO]   [API ERROR] 第2次尝试失败: RemoteDisconnected: Remote end closed connection without response
18:50:37 [INFO]   [API ERROR] 第3次尝试失败: RemoteDisconnected: Remote end closed connection without response
18:50:38 [DEBUG] https://web.ifzq.gtimg.cn:443 "GET /appstock/app/fqkline/get?param=sh513180,day,,,250,qfq HTTP/1.1" 200 None
18:50:38 [INFO]   [API ERROR] 第1次尝试失败: RemoteDisconnected: Remote end closed connection without response
18:50:39 [INFO]   [API ERROR] 第2次尝试失败: RemoteDisconnected: Remote end closed connection without response
18:50:40 [INFO]   [API ERROR] 第3次尝试失败: RemoteDisconnected: Remote end closed connection without response
18:50:40 [DEBUG] https://hq.sinajs.cn:443 "GET /list=sh513180 HTTP/1.1" 200 209
18:50:40 [INFO]     [42/56] 513180 恒生科技ETF - OK (250d)
18:50:42 [INFO]   [API ERROR] 第1次尝试失败: RemoteDisconnected: Remote end closed connection without response
18:50:43 [INFO]   [API ERROR] 第2次尝试失败: RemoteDisconnected: Remote end closed connection without response
18:50:45 [INFO]   [API ERROR] 第3次尝试失败: RemoteDisconnected: Remote end closed connection without response
18:50:45 [DEBUG] https://web.ifzq.gtimg.cn:443 "GET /appstock/app/fqkline/get?param=sh588200,day,,,250,qfq HTTP/1.1" 200 None
18:50:45 [INFO]   [API ERROR] 第1次尝试失败: RemoteDisconnected: Remote end closed connection without response
18:50:46 [INFO]   [API ERROR] 第2次尝试失败: RemoteDisconnected: Remote end closed connection without response
18:50:48 [INFO]   [API ERROR] 第3次尝试失败: RemoteDisconnected: Remote end closed connection without response
18:50:48 [DEBUG] https://hq.sinajs.cn:443 "GET /list=sh588200 HTTP/1.1" 200 196
18:50:48 [INFO]     [43/56] 588200 科创芯片ETF - OK (251d)
18:50:49 [INFO]   [API ERROR] 第1次尝试失败: RemoteDisconnected: Remote end closed connection without response
18:50:51 [INFO]   [API ERROR] 第2次尝试失败: RemoteDisconnected: Remote end closed connection without response
18:50:54 [INFO]   [API ERROR] 第3次尝试失败: RemoteDisconnected: Remote end closed connection without response
18:50:54 [DEBUG] https://web.ifzq.gtimg.cn:443 "GET /appstock/app/fqkline/get?param=sz159865,day,,,250,qfq HTTP/1.1" 200 None
18:50:54 [INFO]   [API ERROR] 第1次尝试失败: RemoteDisconnected: Remote end closed connection without response
18:50:55 [INFO]   [API ERROR] 第2次尝试失败: RemoteDisconnected: Remote end closed connection without response
18:50:57 [INFO]   [API ERROR] 第3次尝试失败: RemoteDisconnected: Remote end closed connection without response
18:50:57 [DEBUG] https://hq.sinajs.cn:443 "GET /list=sz159865 HTTP/1.1" 200 183
18:50:57 [INFO]     [44/56] 159865 养殖ETF - OK (250d)
18:50:59 [INFO]   [API ERROR] 第1次尝试失败: RemoteDisconnected: Remote end closed connection without response
18:51:00 [INFO]   [API ERROR] 第2次尝试失败: RemoteDisconnected: Remote end closed connection without response
18:51:01 [INFO]   [API ERROR] 第3次尝试失败: RemoteDisconnected: Remote end closed connection without response
18:51:01 [DEBUG] https://web.ifzq.gtimg.cn:443 "GET /appstock/app/fqkline/get?param=sz159869,day,,,250,qfq HTTP/1.1" 200 None
18:51:01 [INFO]   [API ERROR] 第1次尝试失败: RemoteDisconnected: Remote end closed connection without response
18:51:03 [INFO]   [API ERROR] 第2次尝试失败: RemoteDisconnected: Remote end closed connection without response
18:51:04 [INFO]   [API ERROR] 第3次尝试失败: RemoteDisconnected: Remote end closed connection without response
18:51:04 [DEBUG] https://hq.sinajs.cn:443 "GET /list=sz159869 HTTP/1.1" 200 185
18:51:04 [INFO]     [45/56] 159869 游戏ETF - OK (250d)
18:51:06 [INFO]   [API ERROR] 第1次尝试失败: RemoteDisconnected: Remote end closed connection without response
18:51:07 [INFO]   [API ERROR] 第2次尝试失败: RemoteDisconnected: Remote end closed connection without response
18:51:09 [INFO]   [API ERROR] 第3次尝试失败: RemoteDisconnected: Remote end closed connection without response
18:51:09 [DEBUG] https://web.ifzq.gtimg.cn:443 "GET /appstock/app/fqkline/get?param=sh512880,day,,,250,qfq HTTP/1.1" 200 None
18:51:09 [INFO]   [API ERROR] 第1次尝试失败: RemoteDisconnected: Remote end closed connection without response
18:51:10 [INFO]   [API ERROR] 第2次尝试失败: RemoteDisconnected: Remote end closed connection without response
18:51:12 [INFO]   [API ERROR] 第3次尝试失败: RemoteDisconnected: Remote end closed connection without response
18:51:12 [DEBUG] https://hq.sinajs.cn:443 "GET /list=sh512880 HTTP/1.1" 200 194
18:51:12 [INFO]     [46/56] 512880 证券ETF - OK (250d)
18:51:13 [INFO]   [API ERROR] 第1次尝试失败: RemoteDisconnected: Remote end closed connection without response
18:51:14 [INFO]   [API ERROR] 第2次尝试失败: RemoteDisconnected: Remote end closed connection without response
18:51:16 [INFO]   [API ERROR] 第3次尝试失败: RemoteDisconnected: Remote end closed connection without response
18:51:16 [DEBUG] https://web.ifzq.gtimg.cn:443 "GET /appstock/app/fqkline/get?param=sz159915,day,,,250,qfq HTTP/1.1" 200 None
18:51:16 [INFO]   [API ERROR] 第1次尝试失败: RemoteDisconnected: Remote end closed connection without response
18:51:17 [INFO]   [API ERROR] 第2次尝试失败: RemoteDisconnected: Remote end closed connection without response
18:51:19 [INFO]   [API ERROR] 第3次尝试失败: RemoteDisconnected: Remote end closed connection without response
18:51:19 [DEBUG] https://hq.sinajs.cn:443 "GET /list=sz159915 HTTP/1.1" 200 186
18:51:19 [INFO]     [47/56] 159915 创业板ETF - OK (251d)
18:51:20 [INFO]   [API ERROR] 第1次尝试失败: RemoteDisconnected: Remote end closed connection without response
18:51:22 [INFO]   [API ERROR] 第2次尝试失败: RemoteDisconnected: Remote end closed connection without response
18:51:23 [INFO]   [API ERROR] 第3次尝试失败: RemoteDisconnected: Remote end closed connection without response
18:51:23 [DEBUG] https://web.ifzq.gtimg.cn:443 "GET /appstock/app/fqkline/get?param=sh516160,day,,,250,qfq HTTP/1.1" 200 None
18:51:23 [INFO]   [API ERROR] 第1次尝试失败: RemoteDisconnected: Remote end closed connection without response
18:51:25 [INFO]   [API ERROR] 第2次尝试失败: RemoteDisconnected: Remote end closed connection without response
18:51:26 [INFO]   [API ERROR] 第3次尝试失败: RemoteDisconnected: Remote end closed connection without response
18:51:26 [DEBUG] https://hq.sinajs.cn:443 "GET /list=sh516160 HTTP/1.1" 200 173
18:51:26 [INFO]     [48/56] 516160 新能源ETF - OK (251d)
18:51:27 [INFO]   [API ERROR] 第1次尝试失败: RemoteDisconnected: Remote end closed connection without response
18:51:29 [INFO]   [API ERROR] 第2次尝试失败: RemoteDisconnected: Remote end closed connection without response
18:51:31 [INFO]   [API ERROR] 第3次尝试失败: RemoteDisconnected: Remote end closed connection without response
18:51:31 [DEBUG] https://web.ifzq.gtimg.cn:443 "GET /appstock/app/fqkline/get?param=sh516950,day,,,250,qfq HTTP/1.1" 200 None
18:51:31 [INFO]   [API ERROR] 第1次尝试失败: RemoteDisconnected: Remote end closed connection without response
18:51:32 [INFO]   [API ERROR] 第2次尝试失败: RemoteDisconnected: Remote end closed connection without response
18:51:34 [INFO]   [API ERROR] 第3次尝试失败: RemoteDisconnected: Remote end closed connection without response
18:51:34 [DEBUG] https://hq.sinajs.cn:443 "GET /list=sh516950 HTTP/1.1" 200 180
18:51:34 [INFO]     [49/56] 516950 基建ETF - OK (250d)
18:51:35 [INFO]   [API ERROR] 第1次尝试失败: RemoteDisconnected: Remote end closed connection without response
18:51:37 [INFO]   [API ERROR] 第2次尝试失败: RemoteDisconnected: Remote end closed connection without response
18:51:38 [INFO]   [API ERROR] 第3次尝试失败: RemoteDisconnected: Remote end closed connection without response
18:51:38 [DEBUG] https://web.ifzq.gtimg.cn:443 "GET /appstock/app/fqkline/get?param=sh512760,day,,,250,qfq HTTP/1.1" 200 None
18:51:39 [INFO]   [API ERROR] 第1次尝试失败: RemoteDisconnected: Remote end closed connection without response
18:51:40 [INFO]   [API ERROR] 第2次尝试失败: RemoteDisconnected: Remote end closed connection without response
18:51:41 [INFO]   [API ERROR] 第3次尝试失败: RemoteDisconnected: Remote end closed connection without response
18:51:41 [DEBUG] https://hq.sinajs.cn:443 "GET /list=sh512760 HTTP/1.1" 200 190
18:51:41 [INFO]     [50/56] 512760 芯片ETF国泰 - OK (251d)
18:51:43 [INFO]   [API ERROR] 第1次尝试失败: RemoteDisconnected: Remote end closed connection without response
18:51:44 [INFO]   [API ERROR] 第2次尝试失败: RemoteDisconnected: Remote end closed connection without response
18:51:46 [INFO]   [API ERROR] 第3次尝试失败: RemoteDisconnected: Remote end closed connection without response
18:51:46 [DEBUG] https://web.ifzq.gtimg.cn:443 "GET /appstock/app/fqkline/get?param=sh510500,day,,,250,qfq HTTP/1.1" 200 None
18:51:46 [INFO]   [API ERROR] 第1次尝试失败: RemoteDisconnected: Remote end closed connection without response
18:51:47 [INFO]   [API ERROR] 第2次尝试失败: RemoteDisconnected: Remote end closed connection without response
18:51:48 [INFO]   [API ERROR] 第3次尝试失败: RemoteDisconnected: Remote end closed connection without response
18:51:49 [DEBUG] https://hq.sinajs.cn:443 "GET /list=sh510500 HTTP/1.1" 200 186
18:51:49 [INFO]     [51/56] 510500 中证500ETF - OK (251d)
18:51:50 [INFO]   [API ERROR] 第1次尝试失败: RemoteDisconnected: Remote end closed connection without response
18:51:51 [INFO]   [API ERROR] 第2次尝试失败: RemoteDisconnected: Remote end closed connection without response
18:51:53 [INFO]   [API ERROR] 第3次尝试失败: RemoteDisconnected: Remote end closed connection without response
18:51:53 [DEBUG] https://web.ifzq.gtimg.cn:443 "GET /appstock/app/fqkline/get?param=sz159996,day,,,250,qfq HTTP/1.1" 200 None
18:51:53 [INFO]   [API ERROR] 第1次尝试失败: RemoteDisconnected: Remote end closed connection without response
18:51:54 [INFO]   [API ERROR] 第2次尝试失败: RemoteDisconnected: Remote end closed connection without response
18:51:56 [INFO]   [API ERROR] 第3次尝试失败: RemoteDisconnected: Remote end closed connection without response
18:51:56 [DEBUG] https://hq.sinajs.cn:443 "GET /list=sz159996 HTTP/1.1" 200 170
18:51:56 [INFO]     [52/56] 159996 家电ETF - OK (250d)
18:51:57 [INFO]   [API ERROR] 第1次尝试失败: RemoteDisconnected: Remote end closed connection without response
18:51:59 [INFO]   [API ERROR] 第2次尝试失败: RemoteDisconnected: Remote end closed connection without response
18:52:01 [INFO]   [API ERROR] 第3次尝试失败: RemoteDisconnected: Remote end closed connection without response
18:52:01 [DEBUG] https://web.ifzq.gtimg.cn:443 "GET /appstock/app/fqkline/get?param=sz159870,day,,,250,qfq HTTP/1.1" 200 None
18:52:01 [INFO]   [API ERROR] 第1次尝试失败: RemoteDisconnected: Remote end closed connection without response
18:52:02 [INFO]   [API ERROR] 第2次尝试失败: RemoteDisconnected: Remote end closed connection without response
18:52:04 [INFO]   [API ERROR] 第3次尝试失败: RemoteDisconnected: Remote end closed connection without response
18:52:04 [DEBUG] https://hq.sinajs.cn:443 "GET /list=sz159870 HTTP/1.1" 200 181
18:52:04 [INFO]     [53/56] 159870 化工ETF - OK (250d)
18:52:05 [INFO]   [API ERROR] 第1次尝试失败: RemoteDisconnected: Remote end closed connection without response
18:52:06 [INFO]   [API ERROR] 第2次尝试失败: RemoteDisconnected: Remote end closed connection without response
18:52:08 [INFO]   [API ERROR] 第3次尝试失败: RemoteDisconnected: Remote end closed connection without response
18:52:08 [DEBUG] https://web.ifzq.gtimg.cn:443 "GET /appstock/app/fqkline/get?param=sh513500,day,,,250,qfq HTTP/1.1" 200 None
18:52:08 [INFO]   [API ERROR] 第1次尝试失败: RemoteDisconnected: Remote end closed connection without response
18:52:10 [INFO]   [API ERROR] 第2次尝试失败: RemoteDisconnected: Remote end closed connection without response
18:52:11 [INFO]   [API ERROR] 第3次尝试失败: RemoteDisconnected: Remote end closed connection without response
18:52:11 [DEBUG] https://hq.sinajs.cn:443 "GET /list=sh513500 HTTP/1.1" 200 191
18:52:11 [INFO]     [54/56] 513500 标普500ETF - OK (250d)
18:52:12 [INFO]   [API ERROR] 第1次尝试失败: RemoteDisconnected: Remote end closed connection without response
18:52:14 [INFO]   [API ERROR] 第2次尝试失败: RemoteDisconnected: Remote end closed connection without response
18:52:15 [INFO]   [API ERROR] 第3次尝试失败: RemoteDisconnected: Remote end closed connection without response
18:52:15 [DEBUG] https://web.ifzq.gtimg.cn:443 "GET /appstock/app/fqkline/get?param=sh512100,day,,,250,qfq HTTP/1.1" 200 None
18:52:15 [INFO]   [API ERROR] 第1次尝试失败: RemoteDisconnected: Remote end closed connection without response
18:52:17 [INFO]   [API ERROR] 第2次尝试失败: RemoteDisconnected: Remote end closed connection without response
18:52:18 [INFO]   [API ERROR] 第3次尝试失败: RemoteDisconnected: Remote end closed connection without response
18:52:18 [DEBUG] https://hq.sinajs.cn:443 "GET /list=sh512100 HTTP/1.1" 200 193
18:52:18 [INFO]     [55/56] 512100 中证1000ETF - OK (251d)
18:52:19 [INFO]   [API ERROR] 第1次尝试失败: RemoteDisconnected: Remote end closed connection without response
18:52:21 [INFO]   [API ERROR] 第2次尝试失败: RemoteDisconnected: Remote end closed connection without response
18:52:22 [INFO]   [API ERROR] 第3次尝试失败: RemoteDisconnected: Remote end closed connection without response
18:52:22 [DEBUG] https://web.ifzq.gtimg.cn:443 "GET /appstock/app/fqkline/get?param=sh562500,day,,,250,qfq HTTP/1.1" 200 None
18:52:22 [INFO]   [API ERROR] 第1次尝试失败: RemoteDisconnected: Remote end closed connection without response
18:52:24 [INFO]   [API ERROR] 第2次尝试失败: RemoteDisconnected: Remote end closed connection without response
18:52:25 [INFO]   [API ERROR] 第3次尝试失败: RemoteDisconnected: Remote end closed connection without response
18:52:25 [DEBUG] https://hq.sinajs.cn:443 "GET /list=sh562500 HTTP/1.1" 200 189
18:52:25 [INFO]     [56/56] 562500 机器人ETF华夏 - OK (250d)
18:52:25 [INFO]   -> 个股数据 (1只)...
18:52:25 [INFO]   [API ERROR] 第1次尝试失败: RemoteDisconnected: Remote end closed connection without response
18:52:26 [INFO]   [API ERROR] 第2次尝试失败: RemoteDisconnected: Remote end closed connection without response
18:52:28 [INFO]   [API ERROR] 第3次尝试失败: RemoteDisconnected: Remote end closed connection without response
18:52:28 [DEBUG] https://web.ifzq.gtimg.cn:443 "GET /appstock/app/fqkline/get?param=sz000995,day,,,250,qfq HTTP/1.1" 200 None
18:52:28 [INFO]   [API ERROR] 第1次尝试失败: RemoteDisconnected: Remote end closed connection without response
18:52:29 [INFO]   [API ERROR] 第2次尝试失败: RemoteDisconnected: Remote end closed connection without response
18:52:31 [INFO]   [API ERROR] 第3次尝试失败: RemoteDisconnected: Remote end closed connection without response
18:52:31 [DEBUG] https://hq.sinajs.cn:443 "GET /list=sz000995 HTTP/1.1" 200 179
18:52:31 [INFO]     [1/1] 000995 皇台酒业 - OK (251d)
18:52:31 [INFO] [DATA ENGINE] 采集完成
18:52:31 [INFO] 市场状态预判: CHOPPY → 自适应权重生效
18:52:31 [INFO] Step 2/4: 计算因子(含截面比较)...
18:52:31 [INFO] Step 2/4a: 行业轮动...
18:52:31 [INFO]   [API ERROR] 第1次尝试失败: RemoteDisconnected: Remote end closed connection without response
18:52:32 [INFO]   [API ERROR] 第2次尝试失败: RemoteDisconnected: Remote end closed connection without response
18:52:33 [INFO]   [API ERROR] 第3次尝试失败: RemoteDisconnected: Remote end closed connection without response
18:52:33 [INFO]   [API ERROR] 第1次尝试失败: RemoteDisconnected: Remote end closed connection without response
18:52:35 [INFO]   [API ERROR] 第2次尝试失败: RemoteDisconnected: Remote end closed connection without response
18:52:36 [INFO]   [API ERROR] 第3次尝试失败: RemoteDisconnected: Remote end closed connection without response
18:52:36 [INFO]   [API ERROR] 第1次尝试失败: RemoteDisconnected: Remote end closed connection without response
18:52:38 [INFO]   [API ERROR] 第2次尝试失败: RemoteDisconnected: Remote end closed connection without response
18:52:39 [INFO]   [API ERROR] 第3次尝试失败: RemoteDisconnected: Remote end closed connection without response
18:52:39 [INFO]   [API ERROR] 第1次尝试失败: RemoteDisconnected: Remote end closed connection without response
18:52:40 [INFO]   [API ERROR] 第2次尝试失败: RemoteDisconnected: Remote end closed connection without response
18:52:42 [INFO]   [API ERROR] 第3次尝试失败: RemoteDisconnected: Remote end closed connection without response
18:52:42 [INFO]   [API ERROR] 第1次尝试失败: RemoteDisconnected: Remote end closed connection without response
18:52:43 [INFO]   [API ERROR] 第2次尝试失败: RemoteDisconnected: Remote end closed connection without response
18:52:44 [INFO]   [API ERROR] 第3次尝试失败: RemoteDisconnected: Remote end closed connection without response
18:52:44 [INFO]   [API ERROR] 第1次尝试失败: RemoteDisconnected: Remote end closed connection without response
18:52:46 [INFO]   [API ERROR] 第2次尝试失败: RemoteDisconnected: Remote end closed connection without response
18:52:47 [INFO]   [API ERROR] 第3次尝试失败: RemoteDisconnected: Remote end closed connection without response
18:52:47 [INFO]   [API ERROR] 第1次尝试失败: RemoteDisconnected: Remote end closed connection without response
18:52:49 [INFO]   [API ERROR] 第2次尝试失败: RemoteDisconnected: Remote end closed connection without response
18:52:50 [INFO]   [API ERROR] 第3次尝试失败: RemoteDisconnected: Remote end closed connection without response
18:52:50 [INFO]   [API ERROR] 第1次尝试失败: RemoteDisconnected: Remote end closed connection without response
18:52:51 [INFO]   [API ERROR] 第2次尝试失败: RemoteDisconnected: Remote end closed connection without response
18:52:53 [INFO]   [API ERROR] 第3次尝试失败: RemoteDisconnected: Remote end closed connection without response
18:52:53 [INFO]   [API ERROR] 第1次尝试失败: RemoteDisconnected: Remote end closed connection without response
18:52:54 [INFO]   [API ERROR] 第2次尝试失败: RemoteDisconnected: Remote end closed connection without response
18:52:56 [INFO]   [API ERROR] 第3次尝试失败: RemoteDisconnected: Remote end closed connection without response
18:52:56 [INFO]   [API ERROR] 第1次尝试失败: RemoteDisconnected: Remote end closed connection without response
18:52:57 [INFO]   [API ERROR] 第2次尝试失败: RemoteDisconnected: Remote end closed connection without response
18:52:58 [INFO]   [API ERROR] 第3次尝试失败: RemoteDisconnected: Remote end closed connection without response
18:52:59 [INFO]   [API ERROR] 第1次尝试失败: RemoteDisconnected: Remote end closed connection without response
18:53:00 [INFO]   [API ERROR] 第2次尝试失败: RemoteDisconnected: Remote end closed connection without response
18:53:01 [INFO]   [API ERROR] 第3次尝试失败: RemoteDisconnected: Remote end closed connection without response
18:53:01 [INFO]   [API ERROR] 第1次尝试失败: RemoteDisconnected: Remote end closed connection without response
18:53:03 [INFO]   [API ERROR] 第2次尝试失败: RemoteDisconnected: Remote end closed connection without response
18:53:04 [INFO]   [API ERROR] 第3次尝试失败: RemoteDisconnected: Remote end closed connection without response
18:53:04 [INFO]   [API ERROR] 第1次尝试失败: RemoteDisconnected: Remote end closed connection without response
18:53:06 [INFO]   [API ERROR] 第2次尝试失败: RemoteDisconnected: Remote end closed connection without response
18:53:07 [INFO]   [API ERROR] 第3次尝试失败: RemoteDisconnected: Remote end closed connection without response
18:53:07 [INFO]   [API ERROR] 第1次尝试失败: RemoteDisconnected: Remote end closed connection without response
18:53:08 [INFO]   [API ERROR] 第2次尝试失败: RemoteDisconnected: Remote end closed connection without response
18:53:10 [INFO]   [API ERROR] 第3次尝试失败: RemoteDisconnected: Remote end closed connection without response
18:53:10 [INFO]   [API ERROR] 第1次尝试失败: RemoteDisconnected: Remote end closed connection without response
18:53:11 [INFO]   [API ERROR] 第2次尝试失败: RemoteDisconnected: Remote end closed connection without response
18:53:12 [INFO]   [API ERROR] 第3次尝试失败: RemoteDisconnected: Remote end closed connection without response
18:53:13 [INFO]   [API ERROR] 第1次尝试失败: RemoteDisconnected: Remote end closed connection without response
18:53:14 [INFO]   [API ERROR] 第2次尝试失败: RemoteDisconnected: Remote end closed connection without response
18:53:15 [INFO]   [API ERROR] 第3次尝试失败: RemoteDisconnected: Remote end closed connection without response
18:53:15 [INFO]   [API ERROR] 第1次尝试失败: RemoteDisconnected: Remote end closed connection without response
18:53:17 [INFO]   [API ERROR] 第2次尝试失败: RemoteDisconnected: Remote end closed connection without response
18:53:18 [INFO]   [API ERROR] 第3次尝试失败: RemoteDisconnected: Remote end closed connection without response
18:53:18 [INFO]   [API ERROR] 第1次尝试失败: RemoteDisconnected: Remote end closed connection without response
18:53:19 [INFO]   [API ERROR] 第2次尝试失败: RemoteDisconnected: Remote end closed connection without response
18:53:21 [INFO]   [API ERROR] 第3次尝试失败: RemoteDisconnected: Remote end closed connection without response
18:53:21 [INFO]   [API ERROR] 第1次尝试失败: RemoteDisconnected: Remote end closed connection without response
18:53:22 [INFO]   [API ERROR] 第2次尝试失败: RemoteDisconnected: Remote end closed connection without response
18:53:24 [INFO]   [API ERROR] 第3次尝试失败: RemoteDisconnected: Remote end closed connection without response
18:53:24 [INFO]   [API ERROR] 第1次尝试失败: RemoteDisconnected: Remote end closed connection without response
18:53:25 [INFO]   [API ERROR] 第2次尝试失败: RemoteDisconnected: Remote end closed connection without response
18:53:26 [INFO]   [API ERROR] 第3次尝试失败: RemoteDisconnected: Remote end closed connection without response
18:53:26 [INFO]   [API ERROR] 第1次尝试失败: RemoteDisconnected: Remote end closed connection without response
18:53:28 [INFO]   [API ERROR] 第2次尝试失败: RemoteDisconnected: Remote end closed connection without response
18:53:29 [INFO]   [API ERROR] 第3次尝试失败: RemoteDisconnected: Remote end closed connection without response
18:53:29 [INFO]   [API ERROR] 第1次尝试失败: RemoteDisconnected: Remote end closed connection without response
18:53:31 [INFO]   [API ERROR] 第2次尝试失败: RemoteDisconnected: Remote end closed connection without response
18:53:32 [INFO]   [API ERROR] 第3次尝试失败: RemoteDisconnected: Remote end closed connection without response
18:53:32 [INFO]   [API ERROR] 第1次尝试失败: RemoteDisconnected: Remote end closed connection without response
18:53:33 [INFO]   [API ERROR] 第2次尝试失败: RemoteDisconnected: Remote end closed connection without response
18:53:35 [INFO]   [API ERROR] 第3次尝试失败: RemoteDisconnected: Remote end closed connection without response
18:53:35 [INFO]   [API ERROR] 第1次尝试失败: RemoteDisconnected: Remote end closed connection without response
18:53:36 [INFO]   [API ERROR] 第2次尝试失败: RemoteDisconnected: Remote end closed connection without response
18:53:37 [INFO]   [API ERROR] 第3次尝试失败: RemoteDisconnected: Remote end closed connection without response
18:53:37 [INFO]   [API ERROR] 第1次尝试失败: RemoteDisconnected: Remote end closed connection without response
18:53:39 [INFO]   [API ERROR] 第2次尝试失败: RemoteDisconnected: Remote end closed connection without response
18:53:40 [INFO]   [API ERROR] 第3次尝试失败: RemoteDisconnected: Remote end closed connection without response
18:53:40 [INFO]   [API ERROR] 第1次尝试失败: RemoteDisconnected: Remote end closed connection without response
18:53:42 [INFO]   [API ERROR] 第2次尝试失败: RemoteDisconnected: Remote end closed connection without response
18:53:43 [INFO]   [API ERROR] 第3次尝试失败: RemoteDisconnected: Remote end closed connection without response
18:53:43 [INFO]   [API ERROR] 第1次尝试失败: RemoteDisconnected: Remote end closed connection without response
18:53:44 [INFO]   [API ERROR] 第2次尝试失败: RemoteDisconnected: Remote end closed connection without response
18:53:46 [INFO]   [API ERROR] 第3次尝试失败: RemoteDisconnected: Remote end closed connection without response
18:53:46 [INFO]   [API ERROR] 第1次尝试失败: RemoteDisconnected: Remote end closed connection without response
18:53:47 [INFO]   [API ERROR] 第2次尝试失败: RemoteDisconnected: Remote end closed connection without response
18:53:48 [INFO]   [API ERROR] 第3次尝试失败: RemoteDisconnected: Remote end closed connection without response
18:53:59 [INFO] Step 3/4: 大盘择时...
18:53:59 [INFO] Step 4/4: 生成决策...
18:53:59 [INFO]   [基准对比] 数据不足
18:54:00 [INFO] 报告已保存: E:\Claudecode\quant\quant_system\report_20260729.json
18:54:00 [INFO] 生成HTML报告并发送邮件...
18:54:01 [INFO] [MAIL] 报告已发送到 1239617073@qq.com
