13:02:56 [INFO] 启动每日量化分析...
13:02:56 [INFO] Step 1/4: 采集数据...
13:02:56 [INFO] [DATA ENGINE] 开始采集数据...
13:02:56 [INFO]   -> 指数日线...
13:02:57 [INFO]   -> 宏观数据...
13:03:01 [INFO]   -> 资金流向...
13:03:08 [INFO]   -> 市场情绪...
13:03:27 [INFO]   -> 机构资金追踪...
13:03:34 [INFO]   -> ETF数据 (35只, 逐只模式)...
13:03:36 [INFO]     [1/35] 515070 人工智能ETF华夏 - OK (250d)
13:03:42 [INFO]     [2/35] 560390 电网设备ETF易方达 - OK (80d)
13:03:46 [INFO]     [3/35] 512760 芯片ETF国泰 - OK (250d)
13:03:49 [INFO]     [4/35] 159326 电网设备ETF华夏 - OK (250d)
13:03:52 [INFO]     [5/35] 159915 创业板ETF - OK (250d)
13:03:56 [INFO]     [6/35] 512400 有色ETF - OK (250d)
13:03:57 [INFO]     [7/35] 159659 纳斯达克100ETF招商 - OK (250d)
13:03:58 [INFO]     [8/35] 159869 游戏ETF - OK (250d)
13:03:59 [INFO]     [9/35] 513500 标普500ETF - OK (250d)
13:04:01 [INFO]     [10/35] 562500 机器人ETF华夏 - OK (250d)
13:04:02 [INFO]     [11/35] 512200 房地产ETF - OK (250d)
13:04:04 [INFO]     [12/35] 588200 科创芯片ETF - OK (250d)
13:04:05 [INFO]     [13/35] 159865 养殖ETF - OK (250d)
13:04:06 [INFO]     [14/35] 159819 AIETF易方达 - OK (250d)
13:04:08 [INFO]     [15/35] 512170 医疗ETF - OK (250d)
13:04:09 [INFO]     [16/35] 512100 中证1000ETF - OK (250d)
13:04:10 [INFO]     [17/35] 518850 黄金ETF华夏 - OK (250d)
13:04:12 [INFO]     [18/35] 512670 国防ETF - OK (250d)
13:04:13 [INFO]     [19/35] 159227 航空航天ETF华夏 - OK (250d)
13:04:14 [INFO]     [20/35] 510500 中证500ETF - OK (250d)
13:04:16 [INFO]     [21/35] 512880 证券ETF - OK (250d)
13:04:17 [INFO]     [22/35] 159928 消费ETF - OK (250d)
13:04:18 [INFO]     [23/35] 510300 沪深300ETF - OK (250d)
13:04:19 [INFO]     [24/35] 516020 化工ETF华宝 - OK (250d)
13:04:21 [INFO]     [25/35] 512890 红利低波ETF - OK (250d)
13:04:22 [INFO]     [26/35] 159611 电力ETF - OK (250d)
13:04:23 [INFO]     [27/35] 159995 芯片ETF华夏 - OK (250d)
13:04:25 [INFO]     [28/35] 159320 电网设备ETF广发 - OK (250d)
13:04:26 [INFO]     [29/35] 159992 创新药ETF - OK (250d)
13:04:27 [INFO]     [30/35] 513100 纳指ETF国泰 - OK (250d)
13:04:29 [INFO]     [31/35] 512810 军工ETF - OK (250d)
13:04:30 [INFO]     [32/35] 159183 新能源车ETF招商 - OK (66d)
13:04:31 [INFO]     [33/35] 159870 化工ETF - OK (250d)
13:04:33 [INFO]     [34/35] 159516 半导体设备ETF - OK (250d)
13:04:34 [INFO]     [35/35] 588000 科创50ETF - OK (250d)
13:04:34 [INFO]   -> 个股数据 (1只)...
13:04:34 [INFO]     [1/1] 000995 皇台酒业 - OK (250d)
13:04:34 [INFO] [DATA ENGINE] 采集完成
13:04:34 [INFO] Step 2/4: 计算因子(含截面比较)...
13:04:34 [INFO] Step 2/4a: 行业轮动...
13:04:40 [INFO] Step 3/4: 大盘择时...
13:04:40 [INFO] Step 4/4: 生成决策...
13:04:40 [INFO] 报告已保存: E:\Claudecode\quant\quant_system\report_20260630.json
13:04:40 [INFO] 生成HTML报告并发送邮件...
13:04:41 [INFO] [MAIL] 报告已发送到 1239617073@qq.com
14:38:40 [WARNING] 节假日API查询失败: <urlopen error [SSL: UNEXPECTED_EOF_WHILE_READING] EOF occurred in violation of protocol (_ssl.c:1010)>，按工作日处理
14:38:40 [INFO] 启动每日量化分析...
14:38:40 [INFO] Step 1/4: 采集数据...
14:38:40 [INFO] [DATA ENGINE] 开始采集数据...
14:38:40 [INFO]   -> 指数日线...
14:38:40 [INFO]   -> 宏观数据...
14:38:40 [INFO]   -> 资金流向...
14:38:41 [DEBUG] Starting new HTTPS connection (1): qt.gtimg.cn:443
14:38:41 [DEBUG] https://qt.gtimg.cn:443 "GET /q=ff_bk0479 HTTP/1.1" 200 None
14:38:41 [INFO]   [FALLBACK] 融资余额(指数估算): balance=15000亿 change=+0.0亿
14:38:41 [INFO]   -> 市场情绪...
14:38:41 [INFO]   [FALLBACK] 涨跌家数估算: 涨19/跌1628 (指数变化1.5%)
14:38:41 [DEBUG] Starting new HTTPS connection (1): hq.sinajs.cn:443
14:38:42 [DEBUG] https://hq.sinajs.cn:443 "GET /list=s_sh000001 HTTP/1.1" 200 74
14:38:42 [INFO]   [FALLBACK] 成交额备用源失败: 'Response' object has no attribute 'split'
14:38:42 [INFO]   [FALLBACK] 涨跌家数估算: 涨19/跌1628 (指数变化1.5%)
14:38:42 [INFO]   -> 机构资金追踪...
14:38:42 [INFO]   -> ETF数据 (35只, 逐只模式)...
14:38:42 [INFO]     [1/35] 512880 证券ETF - OK (250d)
14:38:43 [INFO]     [2/35] 159915 创业板ETF - OK (250d)
14:38:45 [INFO]     [3/35] 562500 机器人ETF华夏 - OK (250d)
14:38:46 [INFO]     [4/35] 159326 电网设备ETF华夏 - OK (250d)
14:38:47 [INFO]     [5/35] 510300 沪深300ETF - OK (250d)
14:38:49 [INFO]     [6/35] 560390 电网设备ETF易方达 - OK (80d)
14:38:50 [INFO]     [7/35] 512670 国防ETF - OK (250d)
14:38:52 [INFO]     [8/35] 510500 中证500ETF - OK (250d)
14:38:53 [INFO]     [9/35] 159995 芯片ETF华夏 - OK (250d)
14:38:54 [INFO]     [10/35] 159227 航空航天ETF华夏 - OK (250d)
14:38:56 [INFO]     [11/35] 516020 化工ETF华宝 - OK (250d)
14:38:57 [INFO]     [12/35] 159659 纳斯达克100ETF招商 - OK (250d)
14:38:59 [INFO]     [13/35] 159320 电网设备ETF广发 - OK (250d)
14:39:00 [INFO]     [14/35] 512890 红利低波ETF - OK (250d)
14:39:01 [INFO]     [15/35] 159870 化工ETF - OK (250d)
14:39:02 [INFO]     [16/35] 159869 游戏ETF - OK (250d)
14:39:04 [INFO]     [17/35] 513500 标普500ETF - OK (250d)
14:39:05 [INFO]     [18/35] 159183 新能源车ETF招商 - OK (66d)
14:39:06 [INFO]     [19/35] 159865 养殖ETF - OK (250d)
14:39:08 [INFO]     [20/35] 159819 AIETF易方达 - OK (250d)
14:39:09 [INFO]     [21/35] 515070 人工智能ETF华夏 - OK (250d)
14:39:10 [INFO]     [22/35] 512760 芯片ETF国泰 - OK (250d)
14:39:12 [INFO]     [23/35] 588000 科创50ETF - OK (250d)
14:39:13 [INFO]     [24/35] 588200 科创芯片ETF - OK (250d)
14:39:15 [INFO]     [25/35] 159611 电力ETF - OK (250d)
14:39:16 [INFO]     [26/35] 512200 房地产ETF - OK (250d)
14:39:17 [INFO]     [27/35] 512400 有色ETF - OK (250d)
14:39:19 [INFO]     [28/35] 159516 半导体设备ETF - OK (250d)
14:39:20 [INFO]     [29/35] 159928 消费ETF - OK (250d)
14:39:22 [INFO]     [30/35] 159992 创新药ETF - OK (250d)
14:39:23 [INFO]     [31/35] 513100 纳指ETF国泰 - OK (250d)
14:39:25 [INFO]     [32/35] 512810 军工ETF - OK (250d)
14:39:27 [INFO]     [33/35] 512170 医疗ETF - OK (250d)
14:39:28 [INFO]     [34/35] 518850 黄金ETF华夏 - OK (250d)
14:39:29 [INFO]     [35/35] 512100 中证1000ETF - OK (250d)
14:39:29 [INFO]   -> 个股数据 (1只)...
14:39:30 [INFO]     [1/1] 000995 皇台酒业 - OK (250d)
14:39:30 [INFO] [DATA ENGINE] 采集完成
14:39:30 [INFO] Step 2/4: 计算因子(含截面比较)...
14:39:30 [INFO] Step 2/4a: 行业轮动...
14:39:35 [INFO] Step 3/4: 大盘择时...
14:39:35 [INFO] Step 4/4: 生成决策...
14:39:35 [INFO] 报告已保存: E:\Claudecode\quant\quant_system\report_20260630.json
14:39:35 [INFO] 生成HTML报告并发送邮件...
14:39:36 [INFO] [MAIL] 报告已发送到 1239617073@qq.com
